<html>
<body>
<pre>
<h1>µVision Build Log</h1>
<h2>Tool Versions:</h2>
IDE-Version: µVision V5.39.0.0
Copyright (C) 2023 ARM Ltd and ARM Germany GmbH. All rights reserved.
License Information: Tai Nguyen Viet Tai, tai, LIC=----
 
Tool Versions:
Toolchain:       MDK-Lite  Version: 5.39.0.0
Toolchain Path:  G:\keilc\KeilC\ARM\ARM_Compiler_5.06u7\Bin
C Compiler:      Armcc.exe V5.06 update 7 (build 960)
Assembler:       Armasm.exe V5.06 update 7 (build 960)
Linker/Locator:  ArmLink.exe V5.06 update 7 (build 960)
Library Manager: ArmAr.exe V5.06 update 7 (build 960)
Hex Converter:   FromElf.exe V5.06 update 7 (build 960)
CPU DLL:         SARMCM3.DLL V5.39.0.0
Dialog DLL:      DCM.DLL V1.17.5.0
Target DLL:      STLink\ST-LINKIII-KEIL_SWO.dll V3.2.0.0
Dialog DLL:      TCM.DLL V1.56.4.0
 
<h2>Project:</h2>
G:\laptrinh\git\Checking-solar\test.uvprojx
Project File Date:  08/18/2024

<h2>Output:</h2>
*** Using Compiler 'V5.06 update 7 (build 960)', folder: 'G:\keilc\KeilC\ARM\ARM_Compiler_5.06u7\Bin'
Rebuild target 'Target 1'
assembling startup_stm32f10x_md.s...
compiling PWM.c...
compiling DMA.c...
compiling I2C.c...
compiling main.c...
compiling UART.c...
compiling delay.c...
delay.c(12): warning:  #167-D: argument of type "volatile int32_t *" is incompatible with parameter of type "int32_t *"
  		BME280_ReadCompensatedData(&temperature, &pressure, &humidity);
delay.c(12): warning:  #167-D: argument of type "volatile int32_t *" is incompatible with parameter of type "uint32_t *"
  		BME280_ReadCompensatedData(&temperature, &pressure, &humidity);
delay.c(12): warning:  #167-D: argument of type "volatile int32_t *" is incompatible with parameter of type "uint32_t *"
  		BME280_ReadCompensatedData(&temperature, &pressure, &humidity);
delay.c: 3 warnings, 0 errors
compiling system_stm32f10x.c...
compiling BME.c...
compiling ADC.c...
linking...
Program Size: Code=4164 RO-data=268 RW-data=96 ZI-data=1688  
FromELF: creating hex file...
".\Objects\test.axf" - 0 Error(s), 3 Warning(s).

<h2>Software Packages used:</h2>

Package Vendor: ARM
                http://www.keil.com/pack/ARM.CMSIS.5.9.0.pack
                ARM::CMSIS@5.9.0
                CMSIS (Common Microcontroller Software Interface Standard)
   * Component: CORE Version: 5.6.0

Package Vendor: Keil
                https://www.keil.com/pack/Keil.STM32F1xx_DFP.2.4.1.pack
                Keil::STM32F1xx_DFP@2.4.1
                STMicroelectronics STM32F1 Series Device Support, Drivers and Examples
   * Component: Startup Version: 1.0.0

<h2>Collection of Component include folders:</h2>
  ./RTE/Device/STM32F103C8
  ./RTE/_Target_1
  G:/keilc/KeilC/ARM/CMSIS/5.9.0/CMSIS/Core/Include
  G:/keilc/KeilC/Keil/STM32F1xx_DFP/2.4.1/Device/Include

<h2>Collection of Component Files used:</h2>

   * Component: ARM::CMSIS:CORE@5.6.0

   * Component: Keil::Device:Startup@1.0.0
      Source file:   Device/Source/ARM/startup_stm32f10x_md.s
      Source file:   Device/Source/system_stm32f10x.c
      Include file:  RTE_Driver/Config/RTE_Device.h
      Source file:   Device/Source/ARM/STM32F1xx_OPT.s
Build Time Elapsed:  00:00:01
</pre>
</body>
</html>
